========================================================================
[2026-07-15 17:50:38] model-bielik-11b-zeroshot-all
========================================================================
───────────────────────────────────────────────────────────────────────────────────────────────────────────── model_bielik x zeroshot ──────────────────────────────────────────────────────────────────────────────────────────────────────────────
Loading data...
  Train (for few-shot): 350, Eval (all): 500
  MLflow run ID: 8f71a66ca0074e02a398e6d35b06222b
  Model: bielik-11b-v3.0-instruct
  Prompt variant: zeroshot

Classifying 500 speeches...
       Results: bielik-11b-v3.0-instruct / zeroshot / split=all       
┏━━━━━━━━━━━━━━━━━━━━━━━━━━━━━━┳━━━━━━━━━━━┳━━━━━━━━┳━━━━━━━┳━━━━━━━━┓
┃ Label                        ┃ Precision ┃ Recall ┃    F1 ┃  Kappa ┃
┡━━━━━━━━━━━━━━━━━━━━━━━━━━━━━━╇━━━━━━━━━━━╇━━━━━━━━╇━━━━━━━╇━━━━━━━━┩
│ AGRESJA_WERBALNA             │     0.889 │  0.645 │ 0.748 │  0.718 │
│ STRATEGIA_STRACHU            │     0.745 │  0.477 │ 0.582 │  0.517 │
│ DEHUMANIZACJA_POGARDA        │     0.297 │  0.826 │ 0.437 │  0.396 │
│ DUMA_I_SUKCES                │     0.649 │  0.617 │ 0.633 │  0.564 │
│ MESJANIZM_MORALNY            │     0.267 │  0.114 │ 0.160 │  0.123 │
│ POLARYZACJA_MY_ONI           │     0.645 │  0.907 │ 0.754 │  0.634 │
│ AD_HOMINEM                   │     0.421 │  0.250 │ 0.314 │  0.241 │
│ OBLEZIONA_TWIERDZA           │     0.727 │  0.089 │ 0.158 │  0.124 │
│ PRZYPISYWANIE_ZLYCH_INTENCJI │     0.870 │  0.417 │ 0.563 │  0.463 │
│ WHATABOUTISM                 │     0.000 │  0.000 │ 0.000 │  0.000 │
│ SOFIZMAT_ROZSZERZENIA        │     0.000 │  0.000 │ 0.000 │ -0.007 │
│ DOWOD_ANEGDOTYCZNY           │     0.000 │  0.000 │ 0.000 │  0.000 │
│ APEL_O_JEDNOSC               │     0.800 │  0.070 │ 0.129 │  0.113 │
└──────────────────────────────┴───────────┴────────┴───────┴────────┘

Macro-F1: 0.3444
Micro-F1: 0.5069
Total tokens: 847,525
Avg latency: 627ms


========================================================================
[2026-07-15 17:57:20] model-bielik-11b-fewshot-all
========================================================================
────────────────────────────────────────────────────────────────────────────────────────────────────────────── model_bielik x fewshot ──────────────────────────────────────────────────────────────────────────────────────────────────────────────
Loading data...
  Train (for few-shot): 350, Eval (all): 500
  MLflow run ID: 2d8996c691814acf92fbffaafaf458c7
  Model: bielik-11b-v3.0-instruct
  Prompt variant: fewshot

Classifying 500 speeches...
       Results: bielik-11b-v3.0-instruct / fewshot / split=all        
┏━━━━━━━━━━━━━━━━━━━━━━━━━━━━━━┳━━━━━━━━━━━┳━━━━━━━━┳━━━━━━━┳━━━━━━━━┓
┃ Label                        ┃ Precision ┃ Recall ┃    F1 ┃  Kappa ┃
┡━━━━━━━━━━━━━━━━━━━━━━━━━━━━━━╇━━━━━━━━━━━╇━━━━━━━━╇━━━━━━━╇━━━━━━━━┩
│ AGRESJA_WERBALNA             │     0.729 │  0.823 │ 0.773 │  0.738 │
│ STRATEGIA_STRACHU            │     0.743 │  0.605 │ 0.667 │  0.606 │
│ DEHUMANIZACJA_POGARDA        │     0.268 │  0.826 │ 0.404 │  0.360 │
│ DUMA_I_SUKCES                │     0.723 │  0.580 │ 0.644 │  0.584 │
│ MESJANIZM_MORALNY            │     0.393 │  0.943 │ 0.555 │  0.506 │
│ POLARYZACJA_MY_ONI           │     0.584 │  0.893 │ 0.706 │  0.556 │
│ AD_HOMINEM                   │     0.396 │  0.594 │ 0.475 │  0.380 │
│ OBLEZIONA_TWIERDZA           │     0.561 │  0.256 │ 0.351 │  0.269 │
│ PRZYPISYWANIE_ZLYCH_INTENCJI │     0.807 │  0.611 │ 0.696 │  0.595 │
│ WHATABOUTISM                 │     0.714 │  0.217 │ 0.333 │  0.319 │
│ SOFIZMAT_ROZSZERZENIA        │     0.000 │  0.000 │ 0.000 │ -0.018 │
│ DOWOD_ANEGDOTYCZNY           │     0.250 │  0.016 │ 0.029 │  0.015 │
│ APEL_O_JEDNOSC               │     0.692 │  0.158 │ 0.257 │  0.224 │
└──────────────────────────────┴───────────┴────────┴───────┴────────┘

Macro-F1: 0.4531
Micro-F1: 0.5673
Total tokens: 1,334,916
Avg latency: 802ms


========================================================================
[2026-07-15 18:02:04] model-bielik-11b-detailed-all
========================================================================
───────────────────────────────────────────────────────────────────────────────────────────────────────────── model_bielik x detailed ──────────────────────────────────────────────────────────────────────────────────────────────────────────────
Loading data...
  Train (for few-shot): 350, Eval (all): 500
  MLflow run ID: 3e3bee8aefb9437284928285c0a8e320
  Model: bielik-11b-v3.0-instruct
  Prompt variant: detailed

Classifying 500 speeches...
       Results: bielik-11b-v3.0-instruct / detailed / split=all       
┏━━━━━━━━━━━━━━━━━━━━━━━━━━━━━━┳━━━━━━━━━━━┳━━━━━━━━┳━━━━━━━┳━━━━━━━━┓
┃ Label                        ┃ Precision ┃ Recall ┃    F1 ┃  Kappa ┃
┡━━━━━━━━━━━━━━━━━━━━━━━━━━━━━━╇━━━━━━━━━━━╇━━━━━━━━╇━━━━━━━╇━━━━━━━━┩
│ AGRESJA_WERBALNA             │     0.909 │  0.645 │ 0.755 │  0.727 │
│ STRATEGIA_STRACHU            │     0.641 │  0.477 │ 0.547 │  0.469 │
│ DEHUMANIZACJA_POGARDA        │     0.372 │  0.696 │ 0.485 │  0.452 │
│ DUMA_I_SUKCES                │     0.840 │  0.259 │ 0.396 │  0.346 │
│ MESJANIZM_MORALNY            │     0.222 │  0.057 │ 0.091 │  0.064 │
│ POLARYZACJA_MY_ONI           │     0.815 │  0.693 │ 0.749 │  0.662 │
│ AD_HOMINEM                   │     0.621 │  0.281 │ 0.387 │  0.334 │
│ OBLEZIONA_TWIERDZA           │     0.526 │  0.111 │ 0.183 │  0.129 │
│ PRZYPISYWANIE_ZLYCH_INTENCJI │     0.877 │  0.396 │ 0.545 │  0.446 │
│ WHATABOUTISM                 │     1.000 │  0.174 │ 0.296 │  0.287 │
│ SOFIZMAT_ROZSZERZENIA        │     0.000 │  0.000 │ 0.000 │ -0.007 │
│ DOWOD_ANEGDOTYCZNY           │     0.000 │  0.000 │ 0.000 │  0.000 │
│ APEL_O_JEDNOSC               │     1.000 │  0.123 │ 0.219 │  0.199 │
└──────────────────────────────┴───────────┴────────┴───────┴────────┘

Macro-F1: 0.3580
Micro-F1: 0.4786
Total tokens: 1,163,904
Avg latency: 567ms


========================================================================
[2026-07-15 18:07:46] model-bielik-11b-fewshot_detailed-all
========================================================================
───────────────────────────────────────────────────────────────────────────────────────────────────────── model_bielik x fewshot_detailed ──────────────────────────────────────────────────────────────────────────────────────────────────────────
Loading data...
  Train (for few-shot): 350, Eval (all): 500
  MLflow run ID: d9b7ff66d4eb45dcb3ac92a7f1a44745
  Model: bielik-11b-v3.0-instruct
  Prompt variant: fewshot_detailed

Classifying 500 speeches...
  Results: bielik-11b-v3.0-instruct / fewshot_detailed / split=all   
┏━━━━━━━━━━━━━━━━━━━━━━━━━━━━━━┳━━━━━━━━━━━┳━━━━━━━━┳━━━━━━━┳━━━━━━━┓
┃ Label                        ┃ Precision ┃ Recall ┃    F1 ┃ Kappa ┃
┡━━━━━━━━━━━━━━━━━━━━━━━━━━━━━━╇━━━━━━━━━━━╇━━━━━━━━╇━━━━━━━╇━━━━━━━┩
│ AGRESJA_WERBALNA             │     0.757 │  0.855 │ 0.803 │ 0.773 │
│ STRATEGIA_STRACHU            │     0.621 │  0.686 │ 0.652 │ 0.575 │
│ DEHUMANIZACJA_POGARDA        │     0.286 │  0.870 │ 0.430 │ 0.388 │
│ DUMA_I_SUKCES                │     0.711 │  0.395 │ 0.508 │ 0.444 │
│ MESJANIZM_MORALNY            │     0.403 │  0.886 │ 0.554 │ 0.506 │
│ POLARYZACJA_MY_ONI           │     0.654 │  0.864 │ 0.745 │ 0.625 │
│ AD_HOMINEM                   │     0.419 │  0.562 │ 0.480 │ 0.391 │
│ OBLEZIONA_TWIERDZA           │     0.575 │  0.256 │ 0.354 │ 0.273 │
│ PRZYPISYWANIE_ZLYCH_INTENCJI │     0.795 │  0.646 │ 0.713 │ 0.613 │
│ WHATABOUTISM                 │     0.875 │  0.304 │ 0.452 │ 0.438 │
│ SOFIZMAT_ROZSZERZENIA        │     0.091 │  0.111 │ 0.100 │ 0.082 │
│ DOWOD_ANEGDOTYCZNY           │     0.333 │  0.016 │ 0.030 │ 0.019 │
│ APEL_O_JEDNOSC               │     1.000 │  0.070 │ 0.131 │ 0.118 │
└──────────────────────────────┴───────────┴────────┴───────┴───────┘

Macro-F1: 0.4577
Micro-F1: 0.5696
Total tokens: 1,655,721
Avg latency: 682ms


========================================================================
[2026-07-15 18:07:46] sweep-summary
========================================================================
                          Sweep summary (split=all)                           
┏━━━━━━━━━━━━━━━━━━━━━━━━━━┳━━━━━━━━━━━━━━━━━━┳━━━━━━━━━━┳━━━━━━━━━━┳━━━━━━━━┓
┃ Model                    ┃ Variant          ┃ Macro-F1 ┃ Micro-F1 ┃ Failed ┃
┡━━━━━━━━━━━━━━━━━━━━━━━━━━╇━━━━━━━━━━━━━━━━━━╇━━━━━━━━━━╇━━━━━━━━━━╇━━━━━━━━┩
│ bielik-11b-v3.0-instruct │ fewshot_detailed │   0.4577 │   0.5696 │      0 │
│ bielik-11b-v3.0-instruct │ fewshot          │   0.4531 │   0.5673 │      0 │
│ bielik-11b-v3.0-instruct │ detailed         │   0.3580 │   0.4786 │      0 │
│ bielik-11b-v3.0-instruct │ zeroshot         │   0.3444 │   0.5069 │      0 │
└──────────────────────────┴──────────────────┴──────────┴──────────┴────────┘
Summary CSV: results\sweep_summary_20260715_180746.csv

